// Jest Snapshot v1, https://goo.gl/fbAQLP

exports[`Test Link Component should render correctly 1`] = `
<a
  href="url"
>
  Title
</a>
`;
